[www.seattletimes.com/sports/uw-huskies/hansen-throws-no-hitter-for-uw-softball/index.html]
[www.seattletimes.com/favicon-32x32edb5.png]
[www.seattletimes.com/favicon-16x16edb5.png]
[static.chartbeat.com/js/chartbeat_mab.js]
[www.googletagmanager.com/gtm538a.js]
[htlbid.com/v3/seattletimes.com/htlbid.css]
[use.typekit.net/lty1dar.css]
[htlbid.com/v3/seattletimes.com/htlbid.js]
[www.seattletimes.com/wp-content/plugins/st-spruce-app/dist/st-spruce-bundle12e3.js]
[www.seattletimes.com/wp-content/plugins/st-spruce-deuce/dist/st-spruce-app8025.js]
[applets.ebxcdn.com/ebx.js]
[cdn.cookielaw.org/scripttemplates/otSDKStub.js]
[backblue.gif]
[fade.gif]
[index.html]
[cdn.cookielaw.org/opt-out/otCCPAiab.js]
[www.seattletimes.com/wp-content/themes/st_refresh/js/site-wide/dist/st-blocking-bundle15cd.js]
[www.seattletimes.com/wp-content/themes/st_refresh/css/styles.min15cd.css]
[www.seattletimes.com/wp-content/themes/st_refresh/styles/dist/style15cd.css]
[www.seattletimes.com/wp-content/themes/st_refresh/js/bundle.min15cd.js]
[www.seattletimes.com/wp-content/themes/st_refresh/js/site-wide/dist/st-sitewide-bundle15cd.js]
[cdn.optimizely.com/js/25075460524.js]
[www.seattletimes.com/sports/uw-huskies/hansen-throws-no-hitter-for-uw-softball/feed/index.html]
[www.seattletimes.com/wp-content/plugins/st-analytics/dist/st-analytics-article-bundle.js]
[www.seattletimes.com/wp-content/plugins/st-article-template/js/dist/article-main12e3.js]
[www.seattletimes.com/wp-content/plugins/st-article-template/assets/css/dist/main12e3.css]
[seattletimes.coral.coralproject.net/assets/js/count.js]
[seattletimes.coral.coralproject.net/assets/js/embed.js]
[www.seattletimes.com/wp-content/plugins/st-coral-talk/dist/st-coraltalk-bundle12e3.js]
[www.seattletimes.com/wp-content/plugins/st-coral-talk/dist/main12e3.css]
[www.seattletimes.com/wp-content/plugins/st-gutenberg/css/jwplayer12e3.css]
[www.seattletimes.com/wp-content/plugins/st-gutenberg/css/graphics-gallery12e3.css]
[www.seattletimes.com/wp-content/plugins/st-legacy-shortcodes/css/shortcodes-public12e3.css]
[www.seattletimes.com/wp-content/plugins/st-user-messaging/dist/st-user-messaging-main-bundle15cd.js]
[www.seattletimes.com/wp-content/plugins/st-paywall/dist/st-paywall-app12e3.js]
[www.seattletimes.com/wp-content/themes/st_refresh/img/st-meta-facebook.png]
[static.chartbeat.com/js/chartbeat.js]
[www.seattletimes.com/sports/uw-huskies/hansen-throws-no-hitter-for-uw-softball/index.html]
[static.chartbeat.com/js/subscriptions.js]
[static.chartbeat.com/js/chartbeat_mab.js]
[htlbid.com/v3/seattletimes.com/htlbid.css]
[www.seattletimes.com/sports/uw-huskies/hansen-throws-no-hitter-for-uw-softball/GET/index.html]
[use.typekit.net/lty1dar.css]
[www.seattletimes.com/wp-content/plugins/st-spruce-app/dist/st-spruce-bundle12e3.js]
[www.seattletimes.com/wp-content/plugins/st-spruce-deuce/dist/st-spruce-app8025.js]
[secure.seattletimes.com/accountcenter/getsubscribersession7112.html]
[secure.seattletimes.com/accountcenter/coraltoken726f.html]
[secure.seattletimes.com/accountcenter/soa7112.html]
[www.seattletimes.com/wp-content/themes/st_refresh/js/site-wide/dist/st-blocking-bundle15cd.js]
[www.seattletimes.com/wp-content/themes/st_refresh/css/fonts/icons-stcae6.eot]
[www.seattletimes.com/sports/uw-huskies/hansen-throws-no-hitter-for-uw-softball/$&/index.html]
[www.seattletimes.com/wp-content/themes/st_refresh/css/fonts/icons-std41d.eot]
[www.seattletimes.com/wp-content/themes/st_refresh/css/fonts/icons-stcae6.woff2]
[www.seattletimes.com/sports/uw-huskies/hansen-throws-no-hitter-for-uw-softball/Safari/index.html]
[www.seattletimes.com/wp-content/themes/st_refresh/css/fonts/icons-stcae6.woff]
[www.seattletimes.com/wp-content/themes/st_refresh/css/fonts/icons-stcae6.ttf]
[www.seattletimes.com/wp-content/themes/st_refresh/css/img/footer-temp.png]
[www.seattletimes.com/wp-content/themes/st_refresh/img/st-logo.png]
[www.seattletimes.com/wp-content/themes/st_refresh/css/img/elections-logo.png]
[www.seattletimes.com/wp-content/themes/st_refresh/css/styles.min15cd.css]
[www.seattletimes.com/wp-content/themes/st_refresh/styles/dist/style15cd.css]
[www.seattletimes.com/sports/uw-huskies/hansen-throws-no-hitter-for-uw-softball/navigation/views/container.js]
[www.seattletimes.com/sports/uw-huskies/hansen-throws-no-hitter-for-uw-softball/gtm/views/gtm-view.js]
[www.seattletimes.com/wp-content/themes/st_refresh/js/bundle.min15cd.js]
[www.seattletimes.com/wp-content/themes/st_refresh/js/site-wide/dist/st-sitewide-bundle15cd.js]
[www.googletagmanager.com/gtm5445.html]
[www.seattletimes.com/wp-content/plugins/st-analytics/dist/st-analytics-article-bundle.js]
[www.seattletimes.com/wp-content/plugins/st-article-template/js/dist/article-main12e3.js]
[www.seattletimes.com/wp-content/plugins/st-article-template/assets/css/dist/main12e3.css]
[www.seattletimes.com/wp-content/plugins/st-coral-talk/dist/st-coraltalk-bundle12e3.js]
[www.seattletimes.com/wp-content/plugins/st-coral-talk/dist/main12e3.css]
[www.seattletimes.com/wp-content/plugins/st-gutenberg/css/jwplayer12e3.css]
[www.seattletimes.com/wp-content/plugins/st-gutenberg/css/graphics-gallery12e3.css]
[www.seattletimes.com/wp-content/plugins/st-legacy-shortcodes/css/shortcodes-public12e3.css]
[www.seattletimes.com/wp-content/plugins/st-user-messaging/dist/st-user-messaging-main-bundle15cd.js]
[www.seattletimes.com/wp-content/plugins/st-paywall/dist/st-paywall-app12e3.js]
[static.chartbeat.com/js/chartbeat.js]
[static.chartbeat.com/js/subscriptions.js]
[www.seattletimes.com/sports/uw-huskies/hansen-throws-no-hitter-for-uw-softball/GET/index.html]
[p.typekit.net/p94ca.css]
[www.seattletimes.com/sports/uw-huskies/hansen-throws-no-hitter-for-uw-softball/$&/index.html]
[www.seattletimes.com/sports/uw-huskies/hansen-throws-no-hitter-for-uw-softball/Safari/index.html]
[www.seattletimes.com/wp-content/themes/st_refresh/img/st-logo.html]
[www.seattletimes.com/sports/uw-huskies/hansen-throws-no-hitter-for-uw-softball/events/events.html]
[www.seattletimes.com/sports/uw-huskies/hansen-throws-no-hitter-for-uw-softball/helpers/helpers.html]
[www.seattletimes.com/sports/uw-huskies/hansen-throws-no-hitter-for-uw-softball/navigation/views/body.html]
[www.seattletimes.com/sports/uw-huskies/hansen-throws-no-hitter-for-uw-softball/navigation/views/container.html]
[www.seattletimes.com/sports/uw-huskies/hansen-throws-no-hitter-for-uw-softball/article-takeover/views/article-takeover.html]
[www.seattletimes.com/sports/uw-huskies/hansen-throws-no-hitter-for-uw-softball/gtm/models/gtm-model.html]
[www.seattletimes.com/sports/uw-huskies/hansen-throws-no-hitter-for-uw-softball/gtm/views/gtm-view.html]
[www.seattletimes.com/sports/events/events.html]
[www.seattletimes.com/sports/helpers/helpers.html]
[static.chartbeat.com/js/inpage.js]
[static2.chartbeat.com/js/mab-inpagedev.js]
[static.chartbeat.com/js/inpage.js]
[static.chartbeat.com/js/inpage.html]
